
Juris Auziņš@DESKTOP-JD7EJI8 MINGW64 ~/Desktop/PRINTFUL - PROJECT (master)
$ git init
Reinitialized existing Git repository in C:/Users/Juris Auziņš/Desktop/PRINTFUL - PROJECT/.git/

Juris Auziņš@DESKTOP-JD7EJI8 MINGW64 ~/Desktop/PRINTFUL - PROJECT (master)
$ git status
On branch master
Untracked files:
  (use "git add <file>..." to include in what will be committed)        
        docs/
        index.html
        style.css

nothing added to commit but untracked files present (use "git add" to track)

Juris Auziņš@DESKTOP-JD7EJI8 MINGW64 ~/Desktop/PRINTFUL - PROJECT (masteack)r)
$ touch .gitingnore                                                     r)

Juris Auziņš@DESKTOP-JD7EJI8 MINGW64 ~/Desktop/PRINTFUL - PROJECT (master)                                                                      r)
$ git status
On branch master

No commits yet

Untracked files:
  (use "git add <file>..." to include in what will be committed)        
        .gitingnore
        docs/
        index.html
        style.css

nothing added to commit but untracked files present (use "git add" to track)

Juris Auziņš@DESKTOP-JD7EJI8 MINGW64 ~/Desktop/PRINTFUL - PROJECT (master)
$ git status
On branch master

No commits yet

Untracked files:
  (use "git add <file>..." to include in what will be committed)        
        .gitingnore
        docs/
        index.html
        style.css

nothing added to commit but untracked files present (use "git add" to track)

Juris Auziņš@DESKTOP-JD7EJI8 MINGW64 ~/Desktop/PRINTFUL - PROJECT (master)
$ git status
On branch master

No commits yet

Untracked files:
  (use "git add <file>..." to include in what will be committed)        
        .gitingnore
        docs/
        index.html
        style.css

nothing added to commit but untracked files present (use "git add" to track)

Juris Auziņš@DESKTOP-JD7EJI8 MINGW64 ~/Desktop/PRINTFUL - PROJECT (master)
$ git status
On branch master

No commits yet

Untracked files:
  (use "git add <file>..." to include in what will be committed)        
        .gitingnore
        docs/
        index.html
        style.css

nothing added to commit but untracked files present (use "git add" to track)

Juris Auziņš@DESKTOP-JD7EJI8 MINGW64 ~/Desktop/PRINTFUL - PROJECT (master)
$ git status
On branch master

No commits yet

Untracked files:
  (use "git add <file>..." to include in what will be committed)        
        .gitingnore
        docs/
        index.html
        style.css

nothing added to commit but untracked files present (use "git add" to track)

Juris Auziņš@DESKTOP-JD7EJI8 MINGW64 ~/Desktop/PRINTFUL - PROJECT (master)
$ git status
On branch master

No commits yet

Untracked files:
  (use "git add <file>..." to include in what will be committed)        
        .gitingnore
        docs/
        index.html
        style.css

nothing added to commit but untracked files present (use "git add" to track)

Juris Auziņš@DESKTOP-JD7EJI8 MINGW64 ~/Desktop/PRINTFUL - PROJECT (master)
$ git status
On branch master

No commits yet

Untracked files:
  (use "git add <file>..." to include in what will be committed)        
        .gitingnore
        docs/
        index.html
        style.css

nothing added to commit but untracked files present (use "git add" to track)

Juris Auziņš@DESKTOP-JD7EJI8 MINGW64 ~/Desktop/PRINTFUL - PROJECT (master)
$ git status
On branch master

No commits yet

Untracked files:
  (use "git add <file>..." to include in what will be committed)        
        .gitingnore
        docs/
        index.html
        style.css

nothing added to commit but untracked files present (use "git add" to track)

Juris Auziņš@DESKTOP-JD7EJI8 MINGW64 ~/Desktop/PRINTFUL - PROJECT (master)
$ git add .gitignore
fatal: pathspec '.gitignore' did not match any files

Juris Auziņš@DESKTOP-JD7EJI8 MINGW64 ~/Desktop/PRINTFUL - PROJECT (master)
$ git add .gitignore
fatal: pathspec '.gitignore' did not match any files

Juris Auziņš@DESKTOP-JD7EJI8 MINGW64 ~/Desktop/PRINTFUL - PROJECT (master)
$ git status
On branch master

No commits yet

Untracked files:
  (use "git add <file>..." to include in what will be committed)        
        .gitingnore
        docs/
        index.html
        style.css

nothing added to commit but untracked files present (use "git add" to track)

Juris Auziņš@DESKTOP-JD7EJI8 MINGW64 ~/Desktop/PRINTFUL - PROJECT (master)
$ git add gitignore
fatal: pathspec 'gitignore' did not match any files

Juris Auziņš@DESKTOP-JD7EJI8 MINGW64 ~/Desktop/PRINTFUL - PROJECT (master)
$ git -A
unknown option: -A
usage: git [--version] [--help] [-C <path>] [-c <name>=<value>]
           [--exec-path[=<path>]] [--html-path] [--man-path] [--info-path]
           [-p | --paginate | -P | --no-pager] [--no-replace-objects] [--bare]
           [--git-dir=<path>] [--work-tree=<path>] [--namespace=<name>] 
           [--super-prefix=<path>] [--config-env=<name>=<envvar>]       
           <command> [<args>]

Juris Auziņš@DESKTOP-JD7EJI8 MINGW64 ~/Desktop/PRINTFUL - PROJECT (master)
$ git add -A

Juris Auziņš@DESKTOP-JD7EJI8 MINGW64 ~/Desktop/PRINTFUL - PROJECT (master)
$ git status
On branch master

No commits yet

Changes to be committed:
  (use "git rm --cached <file>..." to unstage)
        new file:   .gitingnore
        new file:   docs/IDEAtxt
        new file:   docs/LAT Printful programmesanas kursu Uzdevums 2021.pdf
        new file:   index.html
        new file:   style.css


Juris Auziņš@DESKTOP-JD7EJI8 MINGW64 ~/Desktop/PRINTFUL - PROJECT (master)
$ git reset

Juris Auziņš@DESKTOP-JD7EJI8 MINGW64 ~/Desktop/PRINTFUL - PROJECT (master)
$ git status
On branch master

No commits yet

Untracked files:
  (use "git add <file>..." to include in what will be committed)        
        .gitingnore
        docs/
        index.html
        style.css

nothing added to commit but untracked files present (use "git add" to track)

Juris Auziņš@DESKTOP-JD7EJI8 MINGW64 ~/Desktop/PRINTFUL - PROJECT (master)
$ git add index.html

Juris Auziņš@DESKTOP-JD7EJI8 MINGW64 ~/Desktop/PRINTFUL - PROJECT (master)
$ git add style.css

Juris Auziņš@DESKTOP-JD7EJI8 MINGW64 ~/Desktop/PRINTFUL - PROJECT (master)
$ git status
On branch master

No commits yet

Changes to be committed:
  (use "git rm --cached <file>..." to unstage)
        new file:   index.html
        new file:   style.css

Untracked files:
  (use "git add <file>..." to include in what will be committed)        
        .gitingnore
        docs/


Juris Auziņš@DESKTOP-JD7EJI8 MINGW64 ~/Desktop/PRINTFUL - PROJECT (master)
$ git status
On branch master

No commits yet

Changes to be committed:
  (use "git rm --cached <file>..." to unstage)
        new file:   index.html
        new file:   style.css

Untracked files:
  (use "git add <file>..." to include in what will be committed)        
        .gitingnore
        docs/


Juris Auziņš@DESKTOP-JD7EJI8 MINGW64 ~/Desktop/PRINTFUL - PROJECT (master)
$ git commit -m "Initial commit"
[master (root-commit) d85b908] Initial commit
 2 files changed, 412 insertions(+)
 create mode 100644 index.html
 create mode 100644 style.css

Juris Auziņš@DESKTOP-JD7EJI8 MINGW64 ~/Desktop/PRINTFUL - PROJECT (master)
$ git status
On branch master
Untracked files:
  (use "git add <file>..." to include in what will be committed)        
        .gitingnore
        docs/

nothing added to commit but untracked files present (use "git add" to track)

Juris Auziņš@DESKTOP-JD7EJI8 MINGW64 ~/Desktop/PRINTFUL - PROJECT (master)
$ git log
commit d85b9089ea68d439d2509114d3d55ec1b6762515 (HEAD -> master)
Author: Juris-Auzinss <juris.auzinss@gmail.com>
Date:   Sat Jun 12 15:43:31 2021 +0300

    Initial commit

Juris Auziņš@DESKTOP-JD7EJI8 MINGW64 ~/Desktop/PRINTFUL - PROJECT (master)
$ git config --global user.name "Juris-Auzinss"

Juris Auziņš@DESKTOP-JD7EJI8 MINGW64 ~/Desktop/PRINTFUL - PROJECT (master)
$ git status
On branch master
Untracked files:
  (use "git add <file>..." to include in what will be committed)        
        .gitingnore
        docs/

nothing added to commit but untracked files present (use "git add" to track)

Juris Auziņš@DESKTOP-JD7EJI8 MINGW64 ~/Desktop/PRINTFUL - PROJECT (master)
$ git log
commit 7267d0cae32023ac0b6a46e14e4172e4b9cbc2e3 (HEAD -> main, To-Do-Ly/main)
Author: Juris Auzins <80879820+Juris-Auzinss@users.noreply.github.com>  
Date:   Sat Jun 12 15:51:14 2021 +0300

    Initial commit

Juris Auziņš@DESKTOP-JD7EJI8 MINGW64 ~/Desktop/PRINTFUL - PROJECT (main)$ git cherry-pick 7267d0cae32023ac0b6a46e14e4172e4b9cbc2e3
The previous cherry-pick is now empty, possibly due to conflict resolution.
If you wish to commit it anyway, use:

    git commit --allow-empty

Otherwise, please use 'git cherry-pick --skip'
On branch main
Your branch is up to date with 'To-Do-Ly/main'.

You are currently cherry-picking commit 7267d0c.
  (all conflicts fixed: run "git cherry-pick --continue")
  (use "git cherry-pick --skip" to skip this patch)
  (use "git cherry-pick --abort" to cancel the cherry-pick operation)   

Untracked files:
  (use "git add <file>..." to include in what will be committed)        
        .gitingnore
        docs/

nothing added to commit but untracked files present (use "git add" to trInitial commit
#
# It looks like you may be committing a cherry-pick.
# If this is not correct, please run
#       git update-ref -d CHERRY_PICK_HEAD
# and try again.


# Please enter the commit message for your changes. Lines starting      
# with '#' will be ignored, and an empty message aborts the commit.     
#
# Author:    Juris Auzins <80879820+Juris-Auzinss@users.noreply.github.com>
# Date:      Sat Jun 12 15:51:14 2021 +0300
#
# On branch main
# Your branch is up to date with 'To-Do-Ly/main'.
#
# You are currently cherry-picking commit 7267d0c.
#
# Untracked files:
#       .gitingnore
#       docs/
#
~
~
~
~
~
~
~
~
~
~
~
~
~
~
~